// Jest Snapshot v1, https://goo.gl/fbAQLP

exports[`Renderer:mdesRender test 1`] = `
<div>
  <span
    class="cxd-TplField"
  >
    <span>
      hello world
    </span>
  </span>
</div>
`;
